------iteration-0
-7.334 3.582 15.9095 
-1.47404 -9.19821 16.6454 
-3.16645 -12.7983 18.127 
-26.02 -25.5 21.6065 
-24.9715 -12.893 19.9239 
24.9199 -10.2871 20.8961 
8.18282 -11.1863 18.4101 
-0.396931 13.8296 19.0385 
-14.9392 -2.97486 17.7926 
-10.6623 -11.8966 19.4835 
-19.5179 -8.37911 21.303 
-5.61022 19.5947 21.1485 
19.2513 -16.674 21.3814 
16.1003 -7.65726 19.9738 
-12.3461 17.9339 20.6087 
------iteration-1
-7.334 3.582 15.9095 
-5.35234 -0.739886 12.6857 
-5.18042 -4.88253 13.6212 
-24.4292 -23.0242 21.501 
-24.9715 -12.893 19.9239 
18.2382 -7.41401 20.8068 
1.66081 -4.97892 11.9392 
-5.15784 6.79669 15.215 
-14.9392 -2.97486 17.7926 
-8.00665 0.453799 15.2635 
-13.433 -2.40542 19.3964 
-6.52866 11.0631 18.4971 
0.776377 -2.59748 8.36608 
-0.987531 0.538191 4.64636 
-8.76193 7.67081 18.0476 
------iteration-2
-6.2544 3.06422 13.6871 
-5.35234 -0.739886 12.6857 
-5.18042 -4.88253 13.6212 
-24.4292 -23.0242 21.501 
-4.3999 2.18885 11.9316 
6.7771 -2.59685 14.8301 
-4.20472 2.07472 10.6159 
-5.15784 6.79669 15.215 
-5.98704 0.669687 12.8943 
-8.00665 0.453799 15.2635 
-4.44591 2.89433 12.3479 
-6.1417 3.13478 13.2683 
0.776377 -2.59748 8.36608 
-0.987531 0.538191 4.64636 
-3.91027 -1.66271 10.5763 
------iteration-3
-4.87398 2.40216 12.4993 
-5.35234 -0.739886 12.6857 
-5.18042 -4.88253 13.6212 
-14.7202 -12.8336 20.2841 
-4.3999 2.18885 11.9316 
-4.42336 2.05819 11.6623 
-4.20472 2.07472 10.6159 
-5.35126 -0.795891 12.5561 
0.649144 1.91498 6.54866 
-8.00665 0.453799 15.2635 
-4.44591 2.89433 12.3479 
-4.81796 -2.94543 11.7493 
0.776377 -2.59748 8.36608 
-0.987531 0.538191 4.64636 
-3.91027 -1.66271 10.5763 
------iteration-4
-3.52778 1.75651 10.6397 
-5.35234 -0.739886 12.6857 
-5.82323 1.76096 12.9658 
-9.27753 -7.34688 18.2775 
-4.3999 2.18885 11.9316 
-4.42336 2.05819 11.6623 
-4.20472 2.07472 10.6159 
-3.17319 -1.64588 9.72425 
0.649144 1.91498 6.54866 
-0.906003 8.87009 14.9171 
-4.44591 2.89433 12.3479 
-4.81796 -2.94543 11.7493 
0.776377 -2.59748 8.36608 
-0.987531 0.538191 4.64636 
-3.91027 -1.66271 10.5763 
------iteration-5
-1.63704 0.8497 6.34237 
-1.45889 -2.36999 8.78758 
-5.01005 0.759134 11.2552 
-3.28785 -1.4328 10.1114 
0.189252 1.58496 5.97643 
-4.42336 2.05819 11.6623 
-4.20472 2.07472 10.6159 
-0.990848 -1.58365 6.29275 
0.649144 1.91498 6.54866 
-0.435291 4.50859 11.795 
-4.44591 2.89433 12.3479 
-4.81796 -2.94543 11.7493 
-2.25134 0.771321 7.36918 
0.245433 -0.0531475 1.78912 
0.195921 -2.39046 7.66854 
------iteration-6
-0.130546 0.127175 1.23405 
-1.45889 -2.36999 8.78758 
-1.83987 -0.344143 6.38088 
1.72535 3.02742 8.98482 
0.189252 1.58496 5.97643 
-4.42336 2.05819 11.6623 
-4.20472 2.07472 10.6159 
0.84304 -1.16096 4.67296 
0.649144 1.91498 6.54866 
-0.0733641 1.23822 4.31233 
0.0519583 2.23453 6.45287 
0.0780645 -3.57253 9.66032 
-2.25134 0.771321 7.36918 
0.245433 -0.0531475 1.78912 
-0.343931 0.428502 3.73097 
------iteration-7
-0.130546 0.127175 1.23405 
-1.45889 -2.36999 8.78758 
0.716742 -1.02338 4.47925 
1.72535 3.02742 8.98482 
0.189252 1.58496 5.97643 
0.103188 0.0299565 0.585469 
-0.806114 0.0989764 3.10409 
0.84304 -1.16096 4.67296 
-0.522699 0.744947 4.53348 
0.177975 -1.0901 3.71292 
0.0519583 2.23453 6.45287 
0.417405 -2.36927 8.02526 
-2.25134 0.771321 7.36918 
0.245433 -0.0531475 1.78912 
-0.343931 0.428502 3.73097 
------iteration-8
-0.130546 0.127175 1.23405 
-1.45889 -2.36999 8.78758 
0.716742 -1.02338 4.47925 
1.72535 3.02742 8.98482 
0.189252 1.58496 5.97643 
0.103188 0.0299565 0.585469 
-0.806114 0.0989764 3.10409 
0.84304 -1.16096 4.67296 
-0.522699 0.744947 4.53348 
0.177975 -1.0901 3.71292 
0.0519583 2.23453 6.45287 
0.634384 -1.37 6.05393 
-2.25134 0.771321 7.36918 
0.245433 -0.0531475 1.78912 
-0.343931 0.428502 3.73097 
------iteration-9
-0.130546 0.127175 1.23405 
-1.45889 -2.36999 8.78758 
0.716742 -1.02338 4.47925 
1.72535 3.02742 8.98482 
0.189252 1.58496 5.97643 
0.103188 0.0299565 0.585469 
-0.806114 0.0989764 3.10409 
0.84304 -1.16096 4.67296 
-0.522699 0.744947 4.53348 
0.177975 -1.0901 3.71292 
0.0519583 2.23453 6.45287 
0.693038 -0.424799 4.35245 
-0.523176 0.246118 3.67131 
0.245433 -0.0531475 1.78912 
-0.343931 0.428502 3.73097 
------iteration-10
0.15212 0.000413366 0.943902 
-0.261949 0.828743 3.81026 
0.716742 -1.02338 4.47925 
1.38939 2.35383 8.62752 
-0.624371 -0.440698 4.327 
0.103188 0.0299565 0.585469 
-0.806114 0.0989764 3.10409 
0.821913 -0.250184 3.76324 
-0.522699 0.744947 4.53348 
0.177975 -1.0901 3.71292 
-1.10453 0.0516065 3.22674 
0.445894 0.459033 4.06399 
-0.523176 0.246118 3.67131 
0.245433 -0.0531475 1.78912 
-0.229569 0.877431 3.59945 
------iteration-11
0.15212 0.000413366 0.943902 
-0.261949 0.828743 3.81026 
-0.183751 -0.0179378 1.22198 
0.201704 1.36575 5.43281 
0.481331 0.469426 4.15978 
0.103188 0.0299565 0.585469 
-0.806114 0.0989764 3.10409 
0.209417 -0.424917 3.28759 
0.807314 0.378387 4.2563 
0.132407 -0.379594 2.85019 
-1.10453 0.0516065 3.22674 
0.250198 1.0493 3.93907 
-0.523176 0.246118 3.67131 
0.245433 -0.0531475 1.78912 
-0.0149067 -0.208409 1.42864 
------iteration-12
0.15212 0.000413366 0.943902 
-0.261949 0.828743 3.81026 
-0.183751 -0.0179378 1.22198 
-0.666866 0.169855 3.58112 
0.481331 0.469426 4.15978 
0.103188 0.0299565 0.585469 
-0.806114 0.0989764 3.10409 
0.209417 -0.424917 3.28759 
0.807314 0.378387 4.2563 
0.132407 -0.379594 2.85019 
-1.10453 0.0516065 3.22674 
0.250198 1.0493 3.93907 
-0.523176 0.246118 3.67131 
0.245433 -0.0531475 1.78912 
-0.0149067 -0.208409 1.42864 
------iteration-13
0.15212 0.000413366 0.943902 
-0.0763998 0.549846 3.26005 
-0.183751 -0.0179378 1.22198 
-0.666866 0.169855 3.58112 
1.05047 0.849631 4.04125 
0.103188 0.0299565 0.585469 
-0.806114 0.0989764 3.10409 
0.209417 -0.424917 3.28759 
0.807314 0.378387 4.2563 
0.132407 -0.379594 2.85019 
-1.10453 0.0516065 3.22674 
0.250198 1.0493 3.93907 
-0.523176 0.246118 3.67131 
0.118841 0.0125322 0.677441 
-0.0149067 -0.208409 1.42864 
------iteration-14
0.15212 0.000413366 0.943902 
-0.0763998 0.549846 3.26005 
-0.183751 -0.0179378 1.22198 
-0.666866 0.169855 3.58112 
1.05047 0.849631 4.04125 
0.103188 0.0299565 0.585469 
-0.324003 0.0338269 2.31594 
-0.222902 -0.0954221 1.74783 
0.807314 0.378387 4.2563 
0.0838371 0.132703 1.00136 
-0.0623575 0.113038 0.760927 
0.115982 1.02287 3.04613 
-0.523176 0.246118 3.67131 
0.118841 0.0125322 0.677441 
-0.0149067 -0.208409 1.42864 
------iteration-15
0.15212 0.000413366 0.943902 
-0.0763998 0.549846 3.26005 
-0.183751 -0.0179378 1.22198 
-0.666866 0.169855 3.58112 
0.343888 0.178361 2.84332 
0.103188 0.0299565 0.585469 
-0.324003 0.0338269 2.31594 
-0.115624 0.0576771 0.761089 
0.393706 0.138224 2.93155 
0.0838371 0.132703 1.00136 
-0.0623575 0.113038 0.760927 
0.158895 0.341649 2.75754 
-0.523176 0.246118 3.67131 
0.118841 0.0125322 0.677441 
-0.0149067 -0.208409 1.42864 
------iteration-16
0.15212 0.000413366 0.943902 
-0.0763998 0.549846 3.26005 
-0.183751 -0.0179378 1.22198 
-0.0204042 0.394025 2.69552 
0.147265 0.00129383 0.903236 
0.103188 0.0299565 0.585469 
-0.324003 0.0338269 2.31594 
-0.115624 0.0576771 0.761089 
-0.294311 -0.129702 2.3794 
0.0838371 0.132703 1.00136 
-0.0623575 0.113038 0.760927 
0.18126 -0.178142 1.89099 
-0.523176 0.246118 3.67131 
0.118841 0.0125322 0.677441 
0.0283933 0.00682905 0.105155 
------iteration-17
0.15212 0.000413366 0.943902 
-0.0763998 0.549846 3.26005 
-0.183751 -0.0179378 1.22198 
-0.0204042 0.394025 2.69552 
-0.0223843 -0.121162 0.70759 
0.103188 0.0299565 0.585469 
-0.324003 0.0338269 2.31594 
-0.115624 0.0576771 0.761089 
-0.294311 -0.129702 2.3794 
0.0758192 -0.0352507 0.413508 
-0.0623575 0.113038 0.760927 
0.18126 -0.178142 1.89099 
-0.523176 0.246118 3.67131 
0.118841 0.0125322 0.677441 
0.0283933 0.00682905 0.105155 
------iteration-18
0.0907778 0.0101007 0.466067 
0.061111 0.0489306 0.378128 
0.0363947 -0.0497493 0.272969 
-0.0204042 0.394025 2.69552 
-0.0223843 -0.121162 0.70759 
0.103188 0.0299565 0.585469 
-0.163237 0.252396 2.26437 
-0.115624 0.0576771 0.761089 
-0.294311 -0.129702 2.3794 
0.0758192 -0.0352507 0.413508 
0.0539883 0.0375047 0.297684 
0.18126 -0.178142 1.89099 
-0.523176 0.246118 3.67131 
0.118841 0.0125322 0.677441 
0.0283933 0.00682905 0.105155 
------iteration-19
0.0907778 0.0101007 0.466067 
0.061111 0.0489306 0.378128 
0.0363947 -0.0497493 0.272969 
-0.0204042 0.394025 2.69552 
-0.0223843 -0.121162 0.70759 
0.103188 0.0299565 0.585469 
-0.163237 0.252396 2.26437 
0.0163763 0.0988758 0.530467 
-0.294311 -0.129702 2.3794 
0.0758192 -0.0352507 0.413508 
0.0539883 0.0375047 0.297684 
0.0818954 -0.178452 1.34559 
-0.523176 0.246118 3.67131 
0.118841 0.0125322 0.677441 
0.0283933 0.00682905 0.105155 
------iteration-20
0.0907778 0.0101007 0.466067 
0.061111 0.0489306 0.378128 
0.0363947 -0.0497493 0.272969 
-0.011863 0.258822 1.8364 
-0.0223843 -0.121162 0.70759 
0.103188 0.0299565 0.585469 
-0.163237 0.252396 2.26437 
-0.0515957 0.018421 0.233086 
-0.122244 -0.0532283 0.794143 
0.0758192 -0.0352507 0.413508 
0.0539883 0.0375047 0.297684 
0.0249113 0.116512 0.675579 
-0.523176 0.246118 3.67131 
0.118841 0.0125322 0.677441 
0.0283933 0.00682905 0.105155 
------iteration-21
0.0907778 0.0101007 0.466067 
0.061111 0.0489306 0.378128 
0.0363947 -0.0497493 0.272969 
-0.150612 -0.156655 1.55698 
0.0220282 -0.0127643 0.0891908 
0.103188 0.0299565 0.585469 
-0.163237 0.252396 2.26437 
-0.0515957 0.018421 0.233086 
-0.122244 -0.0532283 0.794143 
0.0758192 -0.0352507 0.413508 
0.0539883 0.0375047 0.297684 
0.0249113 0.116512 0.675579 
-0.0477932 -0.0306058 0.244412 
0.087198 0.0016528 0.437062 
0.0283933 0.00682905 0.105155 
------iteration-22
0.040011 0.00202727 0.155491 
0.061111 0.0489306 0.378128 
0.0363947 -0.0497493 0.272969 
-0.150612 -0.156655 1.55698 
0.0220282 -0.0127643 0.0891908 
0.103188 0.0299565 0.585469 
-0.163237 0.252396 2.26437 
-0.0515957 0.018421 0.233086 
-0.122244 -0.0532283 0.794143 
0.0478026 -0.0417979 0.284151 
-0.0215388 -0.0116998 0.085259 
0.0249113 0.116512 0.675579 
-0.0477932 -0.0306058 0.244412 
0.087198 0.0016528 0.437062 
0.0283933 0.00682905 0.105155 
------iteration-23
0.040011 0.00202727 0.155491 
0.061111 0.0489306 0.378128 
0.0363947 -0.0497493 0.272969 
-0.150612 -0.156655 1.55698 
0.0220282 -0.0127643 0.0891908 
0.103188 0.0299565 0.585469 
-0.08568 0.124212 0.949076 
-0.0255759 -0.0293522 0.150072 
-0.122244 -0.0532283 0.794143 
0.0478026 -0.0417979 0.284151 
-0.0215388 -0.0116998 0.085259 
0.0249113 0.116512 0.675579 
-0.0477932 -0.0306058 0.244412 
0.087198 0.0016528 0.437062 
0.0283933 0.00682905 0.105155 
------iteration-24
0.040011 0.00202727 0.155491 
0.061111 0.0489306 0.378128 
0.0363947 -0.0497493 0.272969 
-0.150612 -0.156655 1.55698 
0.0220282 -0.0127643 0.0891908 
0.103188 0.0299565 0.585469 
-0.08568 0.124212 0.949076 
-0.0119387 -0.00344876 0.0392556 
-0.0660175 -0.0313695 0.34362 
0.0478026 -0.0417979 0.284151 
-0.0215388 -0.0116998 0.085259 
0.0249113 0.116512 0.675579 
-0.0477932 -0.0306058 0.244412 
0.087198 0.0016528 0.437062 
0.0283933 0.00682905 0.105155 
------iteration-25
0.040011 0.00202727 0.155491 
0.061111 0.0489306 0.378128 
0.0363947 -0.0497493 0.272969 
-0.0744944 -0.0462472 0.442227 
0.0187213 0.016852 0.0880689 
0.0669367 -0.013736 0.313079 
-0.08568 0.124212 0.949076 
-0.0119387 -0.00344876 0.0392556 
-0.0660175 -0.0313695 0.34362 
0.0478026 -0.0417979 0.284151 
-0.0215388 -0.0116998 0.085259 
0.0136951 0.0324945 0.132545 
-0.0477932 -0.0306058 0.244412 
0.087198 0.0016528 0.437062 
0.0283933 0.00682905 0.105155 
------iteration-26
0.040011 0.00202727 0.155491 
0.038332 0.0231728 0.179376 
0.0363947 -0.0497493 0.272969 
-0.0744944 -0.0462472 0.442227 
0.0187213 0.016852 0.0880689 
0.0669367 -0.013736 0.313079 
0.0697361 -0.10057 0.707207 
-0.0119387 -0.00344876 0.0392556 
-0.0660175 -0.0313695 0.34362 
-0.0201629 0.0144208 0.0864094 
-0.0215388 -0.0116998 0.085259 
0.0136951 0.0324945 0.132545 
-0.0477932 -0.0306058 0.244412 
0.087198 0.0016528 0.437062 
0.0283933 0.00682905 0.105155 
------iteration-27
0.0357518 -0.00958297 0.140783 
0.038332 0.0231728 0.179376 
0.0363947 -0.0497493 0.272969 
-0.0744944 -0.0462472 0.442227 
0.0187213 0.016852 0.0880689 
0.0669367 -0.013736 0.313079 
0.0272404 -0.0477656 0.234352 
-0.0119387 -0.00344876 0.0392556 
-0.039706 -0.0167484 0.170664 
-0.0201629 0.0144208 0.0864094 
-0.0215388 -0.0116998 0.085259 
0.0136951 0.0324945 0.132545 
-0.0477932 -0.0306058 0.244412 
0.087198 0.0016528 0.437062 
0.00670922 0.0207845 0.0744299 
------iteration-28
0.0357518 -0.00958297 0.140783 
0.038332 0.0231728 0.179376 
0.0363947 -0.0497493 0.272969 
-0.013506 0.00789872 0.0507615 
0.0187213 0.016852 0.0880689 
0.0669367 -0.013736 0.313079 
-0.013575 0.00171718 0.0436799 
-0.0074543 0.00506924 0.02766 
-0.039706 -0.0167484 0.170664 
-0.0201629 0.0144208 0.0864094 
-0.0215388 -0.0116998 0.085259 
0.00158403 -0.0156491 0.051063 
-0.0477932 -0.0306058 0.244412 
-0.0277392 0.060875 0.304568 
0.00670922 0.0207845 0.0744299 
------iteration-29
0.0357518 -0.00958297 0.140783 
0.038332 0.0231728 0.179376 
0.0363947 -0.0497493 0.272969 
-0.013506 0.00789872 0.0507615 
-0.0032889 0.00477777 0.0173015 
0.0243906 -0.00915026 0.0916603 
-0.013575 0.00171718 0.0436799 
-0.0074543 0.00506924 0.02766 
-0.039706 -0.0167484 0.170664 
-0.0201629 0.0144208 0.0864094 
-0.0215388 -0.0116998 0.085259 
0.00158403 -0.0156491 0.051063 
-0.0477932 -0.0306058 0.244412 
0.0458626 0.0197574 0.20644 
0.00670922 0.0207845 0.0744299 
------iteration-30
0.0357518 -0.00958297 0.140783 
0.00212488 0.0198746 0.0671379 
0.0363947 -0.0497493 0.272969 
-0.013506 0.00789872 0.0507615 
-0.0032889 0.00477777 0.0173015 
0.0243906 -0.00915026 0.0916603 
-0.013575 0.00171718 0.0436799 
-0.00881525 -0.00103452 0.0272008 
-0.039706 -0.0167484 0.170664 
-0.0201629 0.0144208 0.0864094 
-0.0172986 -0.00350103 0.058194 
0.00158403 -0.0156491 0.051063 
-0.0477932 -0.0306058 0.244412 
0.0458626 0.0197574 0.20644 
0.00670922 0.0207845 0.0744299 
------iteration-31
0.0357518 -0.00958297 0.140783 
0.00212488 0.0198746 0.0671379 
-0.00513396 -0.0123446 0.0425684 
-0.013506 0.00789872 0.0507615 
-0.0032889 0.00477777 0.0173015 
0.0243906 -0.00915026 0.0916603 
-0.013575 0.00171718 0.0436799 
-0.00657345 -6.54023e-005 0.0197438 
-0.039706 -0.0167484 0.170664 
-0.0102247 0.0213672 0.0818791 
-0.0172986 -0.00350103 0.058194 
-0.00447331 0.0131172 0.0443062 
-0.0477932 -0.0306058 0.244412 
0.0458626 0.0197574 0.20644 
0.00670922 0.0207845 0.0744299 
------iteration-32
-0.00166195 0.00322487 0.0106118 
0.00212488 0.0198746 0.0671379 
-0.00513396 -0.0123446 0.0425684 
-0.013506 0.00789872 0.0507615 
-0.0032889 0.00477777 0.0173015 
0.0243906 -0.00915026 0.0916603 
-0.013575 0.00171718 0.0436799 
-0.00379786 0.00239176 0.013231 
-0.039706 -0.0167484 0.170664 
-0.00313149 -0.00180789 0.0105754 
-0.0172986 -0.00350103 0.058194 
-0.00331886 0.00446102 0.0165496 
-0.0477932 -0.0306058 0.244412 
0.0374807 -0.0215919 0.171517 
0.00670922 0.0207845 0.0744299 
------iteration-33
-0.00166195 0.00322487 0.0106118 
0.00212488 0.0198746 0.0671379 
-0.00513396 -0.0123446 0.0425684 
-0.013506 0.00789872 0.0507615 
-0.0032889 0.00477777 0.0173015 
-0.0012271 0.00408305 0.0125428 
0.000278123 -0.00430059 0.0126838 
-0.0017698 0.00357513 0.0117069 
-0.039706 -0.0167484 0.170664 
-0.00313149 -0.00180789 0.0105754 
-0.0172986 -0.00350103 0.058194 
-0.00245426 -0.00348785 0.012547 
-0.0477932 -0.0306058 0.244412 
0.00870883 -0.0118723 0.0474102 
0.00670922 0.0207845 0.0744299 
------iteration-34
-0.00166195 0.00322487 0.0106118 
0.000922632 0.0148558 0.0479881 
-0.00513396 -0.0123446 0.0425684 
-0.013506 0.00789872 0.0507615 
-0.0032889 0.00477777 0.0173015 
-0.0012271 0.00408305 0.0125428 
0.000278123 -0.00430059 0.0126838 
-0.0017698 0.00357513 0.0117069 
-0.039706 -0.0167484 0.170664 
-0.00313149 -0.00180789 0.0105754 
0.0112313 0.00264427 0.0361768 
-0.00245426 -0.00348785 0.012547 
-0.0477932 -0.0306058 0.244412 
-0.0143264 -0.0026079 0.046824 
0.00670922 0.0207845 0.0744299 
------iteration-35
-0.00166195 0.00322487 0.0106118 
0.000922632 0.0148558 0.0479881 
-0.00272748 -0.0025137 0.0108574 
-0.013506 0.00789872 0.0507615 
-0.0032889 0.00477777 0.0173015 
-0.0012271 0.00408305 0.0125428 
0.000278123 -0.00430059 0.0126838 
-0.000802239 0.00179146 0.00565448 
-0.0116562 -0.00731374 0.0439569 
-0.00313149 -0.00180789 0.0105754 
0.0112313 0.00264427 0.0361768 
-0.00245426 -0.00348785 0.012547 
-0.0477932 -0.0306058 0.244412 
-0.0143264 -0.0026079 0.046824 
0.00670922 0.0207845 0.0744299 
------iteration-36
-0.00166195 0.00322487 0.0106118 
0.000922632 0.0148558 0.0479881 
-0.00272748 -0.0025137 0.0108574 
-0.0061033 -0.00502025 0.0240146 
-0.0032889 0.00477777 0.0173015 
-0.0012271 0.00408305 0.0125428 
0.000278123 -0.00430059 0.0126838 
-0.00105406 0.000218564 0.00307562 
-0.0116562 -0.00731374 0.0439569 
-0.00313149 -0.00180789 0.0105754 
0.0112313 0.00264427 0.0361768 
-0.0018906 -0.00321315 0.0109147 
-0.0477932 -0.0306058 0.244412 
-0.0143264 -0.0026079 0.046824 
0.00966073 -0.00505206 0.0339976 
------iteration-37
-0.00166195 0.00322487 0.0106118 
0.000922632 0.0148558 0.0479881 
-0.00272748 -0.0025137 0.0108574 
-0.0061033 -0.00502025 0.0240146 
-0.0032889 0.00477777 0.0173015 
-0.00241243 0.00138227 0.00806994 
-0.000885404 -0.00117952 0.00422945 
-0.00105406 0.000218564 0.00307562 
-0.0116562 -0.00731374 0.0439569 
-0.00313149 -0.00180789 0.0105754 
0.0112313 0.00264427 0.0361768 
-0.00125968 0.00221231 0.00737318 
-0.0510394 0.00378714 0.213027 
-0.0123472 0.00184502 0.0394558 
0.00966073 -0.00505206 0.0339976 
------iteration-38
-0.00166195 0.00322487 0.0106118 
0.00699539 -0.0109621 0.0412785 
-0.00272748 -0.0025137 0.0108574 
-0.0061033 -0.00502025 0.0240146 
-0.00507172 -0.00076476 0.0152075 
-0.00241243 0.00138227 0.00806994 
-0.000885404 -0.00117952 0.00422945 
-0.00105406 0.000218564 0.00307562 
-0.00390305 -0.00115177 0.011951 
-0.00313149 -0.00180789 0.0105754 
-0.0101253 -0.00181074 0.031908 
-0.00125968 0.00221231 0.00737318 
-0.0510394 0.00378714 0.213027 
0.00599931 -0.00278076 0.0198667 
0.00966073 -0.00505206 0.0339976 
------iteration-39
-0.00166195 0.00322487 0.0106118 
0.00699539 -0.0109621 0.0412785 
-0.00272748 -0.0025137 0.0108574 
-0.0061033 -0.00502025 0.0240146 
0.000297848 0.00444225 0.0131205 
-0.00241243 0.00138227 0.00806994 
-0.000885404 -0.00117952 0.00422945 
-0.00105406 0.000218564 0.00307562 
-0.00390305 -0.00115177 0.011951 
-0.00313149 -0.00180789 0.0105754 
-0.0101253 -0.00181074 0.031908 
-0.00125968 0.00221231 0.00737318 
-0.0510394 0.00378714 0.213027 
0.00599931 -0.00278076 0.0198667 
0.00966073 -0.00505206 0.0339976 
------iteration-40
-0.00166195 0.00322487 0.0106118 
0.00699539 -0.0109621 0.0412785 
-0.00272748 -0.0025137 0.0108574 
-0.0061033 -0.00502025 0.0240146 
0.000297848 0.00444225 0.0131205 
-0.00241243 0.00138227 0.00806994 
-0.000885404 -0.00117952 0.00422945 
-0.00105406 0.000218564 0.00307562 
-0.00390305 -0.00115177 0.011951 
-0.00313149 -0.00180789 0.0105754 
-0.0101253 -0.00181074 0.031908 
-0.000902757 0.00168197 0.00549628 
-0.0510394 0.00378714 0.213027 
0.00599931 -0.00278076 0.0198667 
0.00966073 -0.00505206 0.0339976 
------iteration-41
-0.00166195 0.00322487 0.0106118 
0.00699539 -0.0109621 0.0412785 
-0.00272748 -0.0025137 0.0108574 
-0.00226487 0.00503832 0.0164365 
0.000297848 0.00444225 0.0131205 
-0.00241243 0.00138227 0.00806994 
-0.000169255 -0.000965937 0.00279931 
-0.00105406 0.000218564 0.00307562 
-0.00390305 -0.00115177 0.011951 
-0.00313149 -0.00180789 0.0105754 
-0.0101253 -0.00181074 0.031908 
-0.00104787 -0.000194967 0.00304494 
0.0402352 -0.0309133 0.210895 
0.00599931 -0.00278076 0.0198667 
0.00966073 -0.00505206 0.0339976 
------iteration-42
-0.00166195 0.00322487 0.0106118 
-0.0023538 0.00656811 0.0210301 
-0.00272748 -0.0025137 0.0108574 
-0.00226487 0.00503832 0.0164365 
0.00192165 0.00399179 0.0130532 
-0.00241243 0.00138227 0.00806994 
-0.000169255 -0.000965937 0.00279931 
-0.000569769 0.000718467 0.00261597 
3.18229e-005 -0.000211753 0.000606873 
-0.00205514 0.000497328 0.00609965 
-0.00172469 -0.000425633 0.00510854 
-0.00104787 -0.000194967 0.00304494 
0.0101319 -0.00840497 0.0418437 
0.00599931 -0.00278076 0.0198667 
0.00966073 -0.00505206 0.0339976 
------iteration-43
-0.00166195 0.00322487 0.0106118 
-0.0023538 0.00656811 0.0210301 
-0.00279649 -0.000561422 0.00828411 
-0.00226487 0.00503832 0.0164365 
-0.000500278 0.000467177 0.00194852 
-0.00241243 0.00138227 0.00806994 
-0.000169255 -0.000965937 0.00279931 
-0.000287524 0.000624386 0.00195686 
3.18229e-005 -0.000211753 0.000606873 
-0.00205514 0.000497328 0.00609965 
-0.00172469 -0.000425633 0.00510854 
-0.00104787 -0.000194967 0.00304494 
0.0101319 -0.00840497 0.0418437 
0.0016877 -0.00110157 0.00580854 
0.00966073 -0.00505206 0.0339976 
------iteration-44
-0.00166195 0.00322487 0.0106118 
-0.0023538 0.00656811 0.0210301 
-0.00279649 -0.000561422 0.00828411 
-0.00226487 0.00503832 0.0164365 
-0.000500278 0.000467177 0.00194852 
-0.00241243 0.00138227 0.00806994 
-0.000169255 -0.000965937 0.00279931 
-7.99573e-005 0.000532361 0.00153035 
3.18229e-005 -0.000211753 0.000606873 
-0.00205514 0.000497328 0.00609965 
-0.00172469 -0.000425633 0.00510854 
1.6766e-005 -0.000856508 0.00244258 
0.0101319 -0.00840497 0.0418437 
0.0016877 -0.00110157 0.00580854 
-0.000125434 0.0074424 0.0225279 
------iteration-45
-0.00166195 0.00322487 0.0106118 
-0.0023538 0.00656811 0.0210301 
-0.00279649 -0.000561422 0.00828411 
-0.00041472 -0.00233963 0.00687095 
-0.000500278 0.000467177 0.00194852 
-0.00241243 0.00138227 0.00806994 
-0.000169255 -0.000965937 0.00279931 
9.56269e-005 0.00026632 0.000802487 
3.18229e-005 -0.000211753 0.000606873 
-0.00205514 0.000497328 0.00609965 
-0.00172469 -0.000425633 0.00510854 
0.000414575 -0.000100382 0.00121132 
0.0101319 -0.00840497 0.0418437 
0.0016877 -0.00110157 0.00580854 
0.00648422 -0.00348118 0.0222578 
------iteration-46
-0.00166195 0.00322487 0.0106118 
-0.00152834 0.00432538 0.0135356 
-0.00279649 -0.000561422 0.00828411 
-0.00041472 -0.00233963 0.00687095 
-0.000500278 0.000467177 0.00194852 
-0.00241243 0.00138227 0.00806994 
-0.000143106 -0.000298487 0.000939181 
0.000190118 -0.000132836 0.000657423 
3.18229e-005 -0.000211753 0.000606873 
-0.000447904 0.000570666 0.0020659 
-0.00172469 -0.000425633 0.00510854 
0.000414575 -0.000100382 0.00121132 
0.00508445 -0.00416379 0.0197376 
0.0016877 -0.00110157 0.00580854 
0.00648422 -0.00348118 0.0222578 
------iteration-47
-0.00148107 0.00170839 0.00653122 
0.000863483 -0.00295019 0.00894606 
-0.000948454 0.000749906 0.00345878 
-0.00041472 -0.00233963 0.00687095 
-0.000238369 -0.000152807 0.000802984 
-0.00241243 0.00138227 0.00806994 
-0.000143106 -0.000298487 0.000939181 
0.000190118 -0.000132836 0.000657423 
3.18229e-005 -0.000211753 0.000606873 
-0.000447904 0.000570666 0.0020659 
-0.00172469 -0.000425633 0.00510854 
0.000414575 -0.000100382 0.00121132 
0.00508445 -0.00416379 0.0197376 
0.0016877 -0.00110157 0.00580854 
0.00648422 -0.00348118 0.0222578 
------iteration-48
-0.00148107 0.00170839 0.00653122 
0.000863483 -0.00295019 0.00894606 
-0.000948454 0.000749906 0.00345878 
-0.00041472 -0.00233963 0.00687095 
-0.000238369 -0.000152807 0.000802984 
-0.00241243 0.00138227 0.00806994 
-0.000143106 -0.000298487 0.000939181 
0.000190118 -0.000132836 0.000657423 
3.18229e-005 -0.000211753 0.000606873 
-0.000447904 0.000570666 0.0020659 
-0.00172469 -0.000425633 0.00510854 
0.000353532 0.000213734 0.00117302 
0.00508445 -0.00416379 0.0197376 
0.00039064 -0.000310639 0.00141829 
0.00648422 -0.00348118 0.0222578 
------iteration-49
-0.00148107 0.00170839 0.00653122 
0.000863483 -0.00295019 0.00894606 
-0.000948454 0.000749906 0.00345878 
-7.44841e-005 -6.6628e-006 0.000211663 
-0.000238369 -0.000152807 0.000802984 
-0.00241243 0.00138227 0.00806994 
-0.000222539 4.15641e-005 0.000641684 
0.000190118 -0.000132836 0.000657423 
3.18229e-005 -0.000211753 0.000606873 
-0.000447904 0.000570666 0.0020659 
-0.00172469 -0.000425633 0.00510854 
0.000173145 -5.2769e-005 0.000512839 
0.00508445 -0.00416379 0.0197376 
0.00039064 -0.000310639 0.00141829 
-7.96523e-005 0.00062881 0.00180345 
------iteration-50
-0.00148107 0.00170839 0.00653122 
0.000863483 -0.00295019 0.00894606 
-0.000948454 0.000749906 0.00345878 
-7.44841e-005 -6.6628e-006 0.000211663 
-0.000238369 -0.000152807 0.000802984 
-0.00241243 0.00138227 0.00806994 
-0.000222539 4.15641e-005 0.000641684 
0.000108301 -8.60105e-005 0.00039168 
3.18229e-005 -0.000211753 0.000606873 
-0.000447904 0.000570666 0.0020659 
-0.00172469 -0.000425633 0.00510854 
0.000173145 -5.2769e-005 0.000512839 
0.00508445 -0.00416379 0.0197376 
0.00039064 -0.000310639 0.00141829 
-7.96523e-005 0.00062881 0.00180345 
------iteration-51
0.0015262 -0.000103731 0.00438902 
-0.000109765 9.55694e-005 0.000412213 
-0.000164366 0.000129654 0.000593291 
-7.44841e-005 -6.6628e-006 0.000211663 
-4.85817e-005 -9.37636e-005 0.000298985 
0.00165666 -0.000801311 0.00529527 
-0.000222539 4.15641e-005 0.000641684 
5.82998e-005 8.61933e-005 0.00029461 
3.18229e-005 -0.000211753 0.000606873 
-0.000447904 0.000570666 0.0020659 
-0.00172469 -0.000425633 0.00510854 
0.000173145 -5.2769e-005 0.000512839 
0.00103843 -0.00088854 0.00391531 
0.00039064 -0.000310639 0.00141829 
-7.96523e-005 0.00062881 0.00180345 
------iteration-52
-0.00088211 0.000856637 0.00351813 
-0.000109765 9.55694e-005 0.000412213 
-0.000164366 0.000129654 0.000593291 
-7.44841e-005 -6.6628e-006 0.000211663 
-4.85817e-005 -9.37636e-005 0.000298985 
0.00165666 -0.000801311 0.00529527 
-0.000222539 4.15641e-005 0.000641684 
5.82998e-005 8.61933e-005 0.00029461 
3.18229e-005 -0.000211753 0.000606873 
-0.000447904 0.000570666 0.0020659 
-0.00172469 -0.000425633 0.00510854 
-7.72774e-005 -6.38403e-005 0.000283779 
0.00103843 -0.00088854 0.00391531 
0.00039064 -0.000310639 0.00141829 
-7.96523e-005 0.00062881 0.00180345 
------iteration-53
-0.00088211 0.000856637 0.00351813 
-0.000109765 9.55694e-005 0.000412213 
-0.000164366 0.000129654 0.000593291 
-7.44841e-005 -6.6628e-006 0.000211663 
-4.85817e-005 -9.37636e-005 0.000298985 
0.00165666 -0.000801311 0.00529527 
-0.000222539 4.15641e-005 0.000641684 
5.82998e-005 8.61933e-005 0.00029461 
3.18229e-005 -0.000211753 0.000606873 
-0.000117637 -0.000309059 0.000938245 
-0.00172469 -0.000425633 0.00510854 
-2.87351e-005 6.58761e-005 0.000203418 
0.00103843 -0.00088854 0.00391531 
0.00039064 -0.000310639 0.00141829 
-7.96523e-005 0.00062881 0.00180345 
------iteration-54
-0.00088211 0.000856637 0.00351813 
-0.000109765 9.55694e-005 0.000412213 
-0.000164366 0.000129654 0.000593291 
-6.59795e-005 -2.17333e-005 0.00019661 
-4.85817e-005 -9.37636e-005 0.000298985 
0.00165666 -0.000801311 0.00529527 
-7.51957e-005 6.44308e-006 0.000213616 
5.82998e-005 8.61933e-005 0.00029461 
3.18229e-005 -0.000211753 0.000606873 
-0.000117637 -0.000309059 0.000938245 
-0.00172469 -0.000425633 0.00510854 
-2.87351e-005 6.58761e-005 0.000203418 
0.00103843 -0.00088854 0.00391531 
0.00039064 -0.000310639 0.00141829 
-7.96523e-005 0.00062881 0.00180345 
------iteration-55
-0.000798208 0.000406726 0.00255524 
-1.08601e-005 -0.000141122 0.000400866 
-0.000164366 0.000129654 0.000593291 
-6.59795e-005 -2.17333e-005 0.00019661 
-7.2944e-005 -1.60544e-005 0.000211403 
0.00033734 -0.000146043 0.00104332 
-7.51957e-005 6.44308e-006 0.000213616 
7.34373e-006 -1.21023e-005 4.00448e-005 
3.18229e-005 -0.000211753 0.000606873 
-0.000117637 -0.000309059 0.000938245 
-0.000959918 -0.000247213 0.00282981 
-2.87351e-005 6.58761e-005 0.000203418 
-0.00013431 8.27934e-005 0.000446927 
0.00039064 -0.000310639 0.00141829 
-7.96523e-005 0.00062881 0.00180345 
------iteration-56
0.000194263 -0.000144031 0.000685564 
-1.08601e-005 -0.000141122 0.000400866 
-0.000164366 0.000129654 0.000593291 
-6.59795e-005 -2.17333e-005 0.00019661 
-7.2944e-005 -1.60544e-005 0.000211403 
0.00033734 -0.000146043 0.00104332 
-7.51957e-005 6.44308e-006 0.000213616 
7.34373e-006 -1.21023e-005 4.00448e-005 
3.18229e-005 -0.000211753 0.000606873 
-0.000117637 -0.000309059 0.000938245 
-0.000959918 -0.000247213 0.00282981 
-1.34772e-005 5.7645e-005 0.000167535 
-0.00013431 8.27934e-005 0.000446927 
-0.000382782 3.05267e-005 0.00109004 
-7.96523e-005 0.00062881 0.00180345 
------iteration-57
0.000194263 -0.000144031 0.000685564 
-1.08601e-005 -0.000141122 0.000400866 
-0.000164366 0.000129654 0.000593291 
-6.59795e-005 -2.17333e-005 0.00019661 
-7.2944e-005 -1.60544e-005 0.000211403 
0.00033734 -0.000146043 0.00104332 
-7.51957e-005 6.44308e-006 0.000213616 
7.34373e-006 -1.21023e-005 4.00448e-005 
3.18229e-005 -0.000211753 0.000606873 
-0.000117637 -0.000309059 0.000938245 
-0.000959918 -0.000247213 0.00282981 
-1.83227e-005 -1.57754e-005 6.84019e-005 
-0.00013431 8.27934e-005 0.000446927 
-0.000382782 3.05267e-005 0.00109004 
-7.96523e-005 0.00062881 0.00180345 
------iteration-58
0.000194263 -0.000144031 0.000685564 
-1.08601e-005 -0.000141122 0.000400866 
-0.000164366 0.000129654 0.000593291 
-6.59795e-005 -2.17333e-005 0.00019661 
-7.2944e-005 -1.60544e-005 0.000211403 
0.00033734 -0.000146043 0.00104332 
-5.85312e-005 3.06698e-005 0.000187018 
7.34373e-006 -1.21023e-005 4.00448e-005 
3.18229e-005 -0.000211753 0.000606873 
-0.000117637 -0.000309059 0.000938245 
-0.000959918 -0.000247213 0.00282981 
-1.83227e-005 -1.57754e-005 6.84019e-005 
-0.00013431 8.27934e-005 0.000446927 
-0.000382782 3.05267e-005 0.00109004 
-7.96523e-005 0.00062881 0.00180345 
------iteration-59
0.000194263 -0.000144031 0.000685564 
-1.08601e-005 -0.000141122 0.000400866 
-3.75651e-005 7.3266e-005 0.000233059 
-6.59795e-005 -2.17333e-005 0.00019661 
5.33487e-007 5.30897e-006 1.50924e-005 
0.000154701 -8.18702e-005 0.000495873 
-5.85312e-005 3.06698e-005 0.000187018 
4.56196e-006 -3.78903e-006 1.67743e-005 
3.18229e-005 -0.000211753 0.000606873 
-0.000117637 -0.000309059 0.000938245 
-0.000752711 -0.000182142 0.0022064 
-1.83227e-005 -1.57754e-005 6.84019e-005 
-0.00013431 8.27934e-005 0.000446927 
0.000146785 -7.69774e-005 0.000469528 
-7.96523e-005 0.00062881 0.00180345 
------iteration-60
0.000194263 -0.000144031 0.000685564 
-1.08601e-005 -0.000141122 0.000400866 
-3.75651e-005 7.3266e-005 0.000233059 
-6.59795e-005 -2.17333e-005 0.00019661 
5.33487e-007 5.30897e-006 1.50924e-005 
0.000154701 -8.18702e-005 0.000495873 
-5.85312e-005 3.06698e-005 0.000187018 
4.56196e-006 -3.78903e-006 1.67743e-005 
3.18229e-005 -0.000211753 0.000606873 
-0.000117637 -0.000309059 0.000938245 
-0.000752711 -0.000182142 0.0022064 
-1.83227e-005 -1.57754e-005 6.84019e-005 
-0.00013431 8.27934e-005 0.000446927 
0.000146785 -7.69774e-005 0.000469528 
-7.96523e-005 0.00062881 0.00180345 
------iteration-61
-8.5179e-005 2.52912e-005 0.000251528 
-1.08601e-005 -0.000141122 0.000400866 
-3.75651e-005 7.3266e-005 0.000233059 
-6.59795e-005 -2.17333e-005 0.00019661 
5.33487e-007 5.30897e-006 1.50924e-005 
0.000154701 -8.18702e-005 0.000495873 
-5.85312e-005 3.06698e-005 0.000187018 
4.56196e-006 -3.78903e-006 1.67743e-005 
3.18229e-005 -0.000211753 0.000606873 
-0.000117637 -0.000309059 0.000938245 
-0.000752711 -0.000182142 0.0022064 
-1.83227e-005 -1.57754e-005 6.84019e-005 
-0.00013431 8.27934e-005 0.000446927 
0.000146785 -7.69774e-005 0.000469528 
-3.42527e-005 0.000213303 0.000612285 
------iteration-62
-8.5179e-005 2.52912e-005 0.000251528 
-1.08601e-005 -0.000141122 0.000400866 
-3.75651e-005 7.3266e-005 0.000233059 
-6.59795e-005 -2.17333e-005 0.00019661 
5.33487e-007 5.30897e-006 1.50924e-005 
0.000154701 -8.18702e-005 0.000495873 
-5.85312e-005 3.06698e-005 0.000187018 
4.56196e-006 -3.78903e-006 1.67743e-005 
3.18229e-005 -0.000211753 0.000606873 
-0.000117637 -0.000309059 0.000938245 
-0.000752711 -0.000182142 0.0022064 
-1.83227e-005 -1.57754e-005 6.84019e-005 
-0.00013431 8.27934e-005 0.000446927 
-7.92761e-005 2.38727e-005 0.000234355 
-3.42527e-005 0.000213303 0.000612285 
------iteration-63
-8.5179e-005 2.52912e-005 0.000251528 
-1.08601e-005 -0.000141122 0.000400866 
2.78275e-005 4.97559e-006 7.99776e-005 
-6.59795e-005 -2.17333e-005 0.00019661 
5.33487e-007 5.30897e-006 1.50924e-005 
0.000154701 -8.18702e-005 0.000495873 
-5.85312e-005 3.06698e-005 0.000187018 
4.56196e-006 -3.78903e-006 1.67743e-005 
3.18229e-005 -0.000211753 0.000606873 
-0.000170256 0.000208312 0.000762878 
0.000238182 3.84064e-005 0.000683932 
-4.40709e-006 1.76089e-005 5.13505e-005 
-0.00013431 8.27934e-005 0.000446927 
-7.92761e-005 2.38727e-005 0.000234355 
-3.42527e-005 0.000213303 0.000612285 
------iteration-64
-8.5179e-005 2.52912e-005 0.000251528 
1.24359e-005 -0.000140526 0.000399552 
2.78275e-005 4.97559e-006 7.99776e-005 
-6.59795e-005 -2.17333e-005 0.00019661 
5.33487e-007 5.30897e-006 1.50924e-005 
0.000154701 -8.18702e-005 0.000495873 
-5.85312e-005 3.06698e-005 0.000187018 
4.56196e-006 -3.78903e-006 1.67743e-005 
3.18229e-005 -0.000211753 0.000606873 
-0.000170256 0.000208312 0.000762878 
0.000238182 3.84064e-005 0.000683932 
-4.40709e-006 1.76089e-005 5.13505e-005 
-0.00013431 8.27934e-005 0.000446927 
-7.92761e-005 2.38727e-005 0.000234355 
-3.42527e-005 0.000213303 0.000612285 
------iteration-65
-3.06517e-006 1.26984e-006 9.38442e-006 
1.24359e-005 -0.000140526 0.000399552 
2.78275e-005 4.97559e-006 7.99776e-005 
-6.59795e-005 -2.17333e-005 0.00019661 
5.33487e-007 5.30897e-006 1.50924e-005 
0.000154701 -8.18702e-005 0.000495873 
-5.85312e-005 3.06698e-005 0.000187018 
4.56196e-006 -3.78903e-006 1.67743e-005 
3.18229e-005 -0.000211753 0.000606873 
-0.000170256 0.000208312 0.000762878 
0.000238182 3.84064e-005 0.000683932 
-4.40709e-006 1.76089e-005 5.13505e-005 
-0.00013431 8.27934e-005 0.000446927 
-7.92761e-005 2.38727e-005 0.000234355 
-3.42527e-005 0.000213303 0.000612285 
------iteration-66
-3.06517e-006 1.26984e-006 9.38442e-006 
1.24359e-005 -0.000140526 0.000399552 
2.78275e-005 4.97559e-006 7.99776e-005 
-6.59795e-005 -2.17333e-005 0.00019661 
5.33487e-007 5.30897e-006 1.50924e-005 
0.000154701 -8.18702e-005 0.000495873 
-1.08735e-005 -1.60766e-005 5.49054e-005 
4.56196e-006 -3.78903e-006 1.67743e-005 
3.18229e-005 -0.000211753 0.000606873 
-0.000170256 0.000208312 0.000762878 
0.000238182 3.84064e-005 0.000683932 
-4.40709e-006 1.76089e-005 5.13505e-005 
-0.00013431 8.27934e-005 0.000446927 
3.36899e-005 -3.1105e-006 9.57253e-005 
-3.42527e-005 0.000213303 0.000612285 
------iteration-67
-3.06517e-006 1.26984e-006 9.38442e-006 
2.73696e-005 -0.000118056 0.000343161 
2.78275e-005 4.97559e-006 7.99776e-005 
-6.59795e-005 -2.17333e-005 0.00019661 
5.33487e-007 5.30897e-006 1.50924e-005 
2.7657e-005 -1.78011e-005 9.30574e-005 
-1.08735e-005 -1.60766e-005 5.49054e-005 
4.56196e-006 -3.78903e-006 1.67743e-005 
3.18229e-005 -0.000211753 0.000606873 
-0.000135501 0.000193905 0.000670576 
0.000165698 3.72669e-005 0.000481141 
-7.96316e-007 1.07687e-005 3.05446e-005 
-0.00013431 8.27934e-005 0.000446927 
-2.38953e-005 1.00193e-005 7.33049e-005 
-3.42527e-005 0.000213303 0.000612285 
------iteration-68
-3.06517e-006 1.26984e-006 9.38442e-006 
2.73696e-005 -0.000118056 0.000343161 
2.78275e-005 4.97559e-006 7.99776e-005 
-6.59795e-005 -2.17333e-005 0.00019661 
5.33487e-007 5.30897e-006 1.50924e-005 
2.7657e-005 -1.78011e-005 9.30574e-005 
-1.08735e-005 -1.60766e-005 5.49054e-005 
4.56196e-006 -3.78903e-006 1.67743e-005 
3.18229e-005 -0.000211753 0.000606873 
-7.56865e-005 5.93215e-006 0.000214884 
0.000165698 3.72669e-005 0.000481141 
-1.72984e-006 -3.69904e-006 1.15504e-005 
-0.00013431 8.27934e-005 0.000446927 
-2.38953e-005 1.00193e-005 7.33049e-005 
-3.42527e-005 0.000213303 0.000612285 
------iteration-69
-3.06517e-006 1.26984e-006 9.38442e-006 
2.73696e-005 -0.000118056 0.000343161 
2.78275e-005 4.97559e-006 7.99776e-005 
-6.59795e-005 -2.17333e-005 0.00019661 
5.33487e-007 5.30897e-006 1.50924e-005 
2.7657e-005 -1.78011e-005 9.30574e-005 
-1.08735e-005 -1.60766e-005 5.49054e-005 
4.56196e-006 -3.78903e-006 1.67743e-005 
8.90941e-005 -6.95286e-005 0.00031999 
-7.56865e-005 5.93215e-006 0.000214884 
0.000165698 3.72669e-005 0.000481141 
-1.72984e-006 -3.69904e-006 1.15504e-005 
-0.00013431 8.27934e-005 0.000446927 
-2.38953e-005 1.00193e-005 7.33049e-005 
-4.36749e-005 0.000147775 0.000436476 
------iteration-70
-3.06517e-006 1.26984e-006 9.38442e-006 
2.73696e-005 -0.000118056 0.000343161 
2.78275e-005 4.97559e-006 7.99776e-005 
-3.69043e-005 -3.85902e-005 0.000151102 
5.33487e-007 5.30897e-006 1.50924e-005 
2.7657e-005 -1.78011e-005 9.30574e-005 
-1.08735e-005 -1.60766e-005 5.49054e-005 
1.37157e-006 -2.62154e-006 8.3686e-006 
8.90941e-005 -6.95286e-005 0.00031999 
-7.56865e-005 5.93215e-006 0.000214884 
0.000165698 3.72669e-005 0.000481141 
-1.72984e-006 -3.69904e-006 1.15504e-005 
-0.00013431 8.27934e-005 0.000446927 
-2.38953e-005 1.00193e-005 7.33049e-005 
9.56264e-005 -4.00598e-005 0.000293533 
------iteration-71
-3.06517e-006 1.26984e-006 9.38442e-006 
-3.98371e-005 8.85884e-005 0.000274986 
2.78275e-005 4.97559e-006 7.99776e-005 
-3.69043e-005 -3.85902e-005 0.000151102 
1.14711e-007 1.51242e-006 4.29011e-006 
2.7657e-005 -1.78011e-005 9.30574e-005 
-1.04805e-005 5.52448e-006 3.35133e-005 
1.37157e-006 -2.62154e-006 8.3686e-006 
8.90941e-005 -6.95286e-005 0.00031999 
-1.43567e-005 -6.11274e-005 0.000177704 
-5.28893e-005 -1.08793e-005 0.000152803 
-1.72984e-006 -3.69904e-006 1.15504e-005 
-0.00013431 8.27934e-005 0.000446927 
-1.95991e-005 6.56338e-006 5.84719e-005 
9.56264e-005 -4.00598e-005 0.000293533 
------iteration-72
-3.06517e-006 1.26984e-006 9.38442e-006 
2.39672e-005 -8.32988e-005 0.000245363 
1.29851e-005 5.19784e-006 3.95659e-005 
-3.69043e-005 -3.85902e-005 0.000151102 
1.14711e-007 1.51242e-006 4.29011e-006 
-2.24284e-005 9.91729e-006 6.93781e-005 
-1.04805e-005 5.52448e-006 3.35133e-005 
1.37157e-006 -2.62154e-006 8.3686e-006 
8.90941e-005 -6.95286e-005 0.00031999 
-1.34452e-005 2.71551e-007 3.80413e-005 
-5.28893e-005 -1.08793e-005 0.000152803 
-2.18607e-006 -2.86235e-006 1.01874e-005 
-0.00013431 8.27934e-005 0.000446927 
-7.37378e-007 2.90892e-006 8.48812e-006 
9.56264e-005 -4.00598e-005 0.000293533 
------iteration-73
-3.06517e-006 1.26984e-006 9.38442e-006 
2.39672e-005 -8.32988e-005 0.000245363 
1.29851e-005 5.19784e-006 3.95659e-005 
-1.09812e-005 -3.56909e-005 0.000105656 
1.14711e-007 1.51242e-006 4.29011e-006 
-2.24284e-005 9.91729e-006 6.93781e-005 
-1.04805e-005 5.52448e-006 3.35133e-005 
1.37157e-006 -2.62154e-006 8.3686e-006 
-0.000105955 -1.88108e-005 0.00030468 
-1.34452e-005 2.71551e-007 3.80413e-005 
-5.28893e-005 -1.08793e-005 0.000152803 
-1.29883e-006 7.10379e-007 4.18728e-006 
-0.00013431 8.27934e-005 0.000446927 
-7.37378e-007 2.90892e-006 8.48812e-006 
9.56264e-005 -4.00598e-005 0.000293533 
------iteration-74
-3.06517e-006 1.26984e-006 9.38442e-006 
2.39672e-005 -8.32988e-005 0.000245363 
1.29851e-005 5.19784e-006 3.95659e-005 
-1.58467e-006 1.73168e-005 4.91919e-005 
1.14711e-007 1.51242e-006 4.29011e-006 
-2.24284e-005 9.91729e-006 6.93781e-005 
-1.04805e-005 5.52448e-006 3.35133e-005 
1.37157e-006 -2.62154e-006 8.3686e-006 
-2.59264e-005 1.26191e-005 8.1578e-005 
-1.34452e-005 2.71551e-007 3.80413e-005 
-4.94714e-005 -9.3353e-006 0.000142463 
-1.29883e-006 7.10379e-007 4.18728e-006 
-0.00013431 8.27934e-005 0.000446927 
-7.37378e-007 2.90892e-006 8.48812e-006 
5.23958e-005 -5.59953e-005 0.000217058 
------iteration-75
-3.06517e-006 1.26984e-006 9.38442e-006 
2.63238e-005 -7.70069e-005 0.000230359 
1.13546e-005 -6.00749e-006 3.63381e-005 
-1.58467e-006 1.73168e-005 4.91919e-005 
1.14711e-007 1.51242e-006 4.29011e-006 
-2.24284e-005 9.91729e-006 6.93781e-005 
-1.04805e-005 5.52448e-006 3.35133e-005 
1.37157e-006 -2.62154e-006 8.3686e-006 
-2.59264e-005 1.26191e-005 8.1578e-005 
-1.34452e-005 2.71551e-007 3.80413e-005 
-4.94714e-005 -9.3353e-006 0.000142463 
-1.29883e-006 7.10379e-007 4.18728e-006 
-1.38352e-005 3.14195e-006 4.01335e-005 
-7.37378e-007 2.90892e-006 8.48812e-006 
2.17418e-005 -8.42543e-006 6.59656e-005 
------iteration-76
-3.06517e-006 1.26984e-006 9.38442e-006 
-7.48559e-006 1.89245e-005 5.75728e-005 
-3.03141e-006 3.84992e-007 8.64325e-006 
-1.58467e-006 1.73168e-005 4.91919e-005 
1.14711e-007 1.51242e-006 4.29011e-006 
-1.36543e-005 6.81271e-006 4.31668e-005 
-3.53474e-006 -2.06324e-006 1.15768e-005 
1.37157e-006 -2.62154e-006 8.3686e-006 
-2.59264e-005 1.26191e-005 8.1578e-005 
-4.9511e-006 -1.0575e-005 3.30303e-005 
-4.94714e-005 -9.3353e-006 0.000142463 
-1.29883e-006 7.10379e-007 4.18728e-006 
-1.38352e-005 3.14195e-006 4.01335e-005 
-1.32269e-007 1.31235e-006 3.73073e-006 
2.17418e-005 -8.42543e-006 6.59656e-005 
------iteration-77
-2.54585e-006 1.23785e-006 8.00702e-006 
-7.48559e-006 1.89245e-005 5.75728e-005 
-3.03141e-006 3.84992e-007 8.64325e-006 
-1.58467e-006 1.73168e-005 4.91919e-005 
1.14711e-007 1.51242e-006 4.29011e-006 
8.07028e-006 -3.35552e-006 2.47227e-005 
-3.53474e-006 -2.06324e-006 1.15768e-005 
1.37157e-006 -2.62154e-006 8.3686e-006 
1.37617e-005 1.51162e-005 5.78303e-005 
-4.9511e-006 -1.0575e-005 3.30303e-005 
-4.94714e-005 -9.3353e-006 0.000142463 
-1.29883e-006 7.10379e-007 4.18728e-006 
-1.38352e-005 3.14195e-006 4.01335e-005 
-1.32269e-007 1.31235e-006 3.73073e-006 
2.17418e-005 -8.42543e-006 6.59656e-005 
------iteration-78
-2.54585e-006 1.23785e-006 8.00702e-006 
-7.48559e-006 1.89245e-005 5.75728e-005 
-3.03141e-006 3.84992e-007 8.64325e-006 
-4.66724e-007 7.06907e-006 2.00392e-005 
1.14711e-007 1.51242e-006 4.29011e-006 
8.07028e-006 -3.35552e-006 2.47227e-005 
-3.53474e-006 -2.06324e-006 1.15768e-005 
7.93469e-007 -1.1886e-006 4.0422e-006 
-1.34245e-006 5.40003e-006 1.57393e-005 
-4.9511e-006 -1.0575e-005 3.30303e-005 
-1.2767e-005 -1.48133e-006 3.63572e-005 
-8.79674e-007 2.97894e-007 2.62691e-006 
-1.38352e-005 3.14195e-006 4.01335e-005 
-1.32269e-007 1.31235e-006 3.73073e-006 
-3.55413e-006 1.21704e-005 3.58652e-005 
------iteration-79
-2.54585e-006 1.23785e-006 8.00702e-006 
-7.48559e-006 1.89245e-005 5.75728e-005 
-3.03141e-006 3.84992e-007 8.64325e-006 
-4.66724e-007 7.06907e-006 2.00392e-005 
1.14711e-007 1.51242e-006 4.29011e-006 
8.07028e-006 -3.35552e-006 2.47227e-005 
4.01877e-007 -3.38347e-006 9.63747e-006 
7.93469e-007 -1.1886e-006 4.0422e-006 
-1.34245e-006 5.40003e-006 1.57393e-005 
-4.9511e-006 -1.0575e-005 3.30303e-005 
-1.2767e-005 -1.48133e-006 3.63572e-005 
-8.79674e-007 2.97894e-007 2.62691e-006 
-1.38352e-005 3.14195e-006 4.01335e-005 
-1.32269e-007 1.31235e-006 3.73073e-006 
9.63357e-006 -7.09927e-006 3.38511e-005 
------iteration-80
-2.54585e-006 1.23785e-006 8.00702e-006 
-7.48559e-006 1.89245e-005 5.75728e-005 
-3.03141e-006 3.84992e-007 8.64325e-006 
-4.66724e-007 7.06907e-006 2.00392e-005 
1.78652e-007 1.31362e-006 3.74973e-006 
8.07028e-006 -3.35552e-006 2.47227e-005 
4.01877e-007 -3.38347e-006 9.63747e-006 
7.93469e-007 -1.1886e-006 4.0422e-006 
-1.34245e-006 5.40003e-006 1.57393e-005 
-2.2019e-006 -3.28502e-006 1.1186e-005 
-1.2767e-005 -1.48133e-006 3.63572e-005 
-8.79674e-007 2.97894e-007 2.62691e-006 
-1.38352e-005 3.14195e-006 4.01335e-005 
-1.32269e-007 1.31235e-006 3.73073e-006 
9.63357e-006 -7.09927e-006 3.38511e-005 
------iteration-81
-2.54585e-006 1.23785e-006 8.00702e-006 
-3.13961e-007 -7.20161e-008 9.1108e-007 
-9.08184e-007 6.47703e-007 3.15511e-006 
-4.66724e-007 7.06907e-006 2.00392e-005 
1.78652e-007 1.31362e-006 3.74973e-006 
8.07028e-006 -3.35552e-006 2.47227e-005 
4.01877e-007 -3.38347e-006 9.63747e-006 
7.93469e-007 -1.1886e-006 4.0422e-006 
-1.34245e-006 5.40003e-006 1.57393e-005 
-2.2019e-006 -3.28502e-006 1.1186e-005 
-1.2767e-005 -1.48133e-006 3.63572e-005 
-8.59415e-007 -2.14251e-008 2.43157e-006 
-1.38352e-005 3.14195e-006 4.01335e-005 
-1.32269e-007 1.31235e-006 3.73073e-006 
9.63357e-006 -7.09927e-006 3.38511e-005 
------iteration-82
-2.54585e-006 1.23785e-006 8.00702e-006 
-3.13961e-007 -7.20161e-008 9.1108e-007 
-9.08184e-007 6.47703e-007 3.15511e-006 
-4.66724e-007 7.06907e-006 2.00392e-005 
1.78652e-007 1.31362e-006 3.74973e-006 
3.83195e-006 -1.66028e-006 1.18125e-005 
4.01877e-007 -3.38347e-006 9.63747e-006 
-4.90339e-007 1.81946e-007 1.47929e-006 
-2.31085e-006 8.69571e-007 6.98368e-006 
-2.2019e-006 -3.28502e-006 1.1186e-005 
1.25735e-007 4.50796e-007 1.32372e-006 
-8.59415e-007 -2.14251e-008 2.43157e-006 
-1.38352e-005 3.14195e-006 4.01335e-005 
-1.32269e-007 1.31235e-006 3.73073e-006 
9.63357e-006 -7.09927e-006 3.38511e-005 
------iteration-83
-2.54585e-006 1.23785e-006 8.00702e-006 
-3.13961e-007 -7.20161e-008 9.1108e-007 
-9.08184e-007 6.47703e-007 3.15511e-006 
-2.83325e-007 4.41255e-006 1.25068e-005 
1.78652e-007 1.31362e-006 3.74973e-006 
-2.16902e-006 8.8894e-007 6.63029e-006 
2.69432e-008 -1.34834e-006 3.81449e-006 
-4.90339e-007 1.81946e-007 1.47929e-006 
-2.31085e-006 8.69571e-007 6.98368e-006 
-2.2019e-006 -3.28502e-006 1.1186e-005 
1.25735e-007 4.50796e-007 1.32372e-006 
-5.75117e-007 3.71787e-007 1.93699e-006 
-1.38352e-005 3.14195e-006 4.01335e-005 
-1.32269e-007 1.31235e-006 3.73073e-006 
2.54424e-006 -4.88377e-006 1.55763e-005 
------iteration-84
-2.54585e-006 1.23785e-006 8.00702e-006 
-3.13961e-007 -7.20161e-008 9.1108e-007 
-9.08184e-007 6.47703e-007 3.15511e-006 
-2.83325e-007 4.41255e-006 1.25068e-005 
1.78652e-007 1.31362e-006 3.74973e-006 
-2.16902e-006 8.8894e-007 6.63029e-006 
2.69432e-008 -1.34834e-006 3.81449e-006 
-4.90339e-007 1.81946e-007 1.47929e-006 
-2.31085e-006 8.69571e-007 6.98368e-006 
-1.06102e-006 -4.6867e-007 3.28079e-006 
1.25735e-007 4.50796e-007 1.32372e-006 
-2.79051e-007 1.73744e-007 9.29762e-007 
-4.42337e-006 -9.03542e-007 1.27701e-005 
-1.32269e-007 1.31235e-006 3.73073e-006 
-9.17648e-007 -4.79381e-007 2.92835e-006 
------iteration-85
2.77031e-007 -2.81795e-007 1.1177e-006 
-3.13961e-007 -7.20161e-008 9.1108e-007 
-9.08184e-007 6.47703e-007 3.15511e-006 
-2.83325e-007 4.41255e-006 1.25068e-005 
-8.00299e-007 -4.76863e-007 2.63498e-006 
-2.16902e-006 8.8894e-007 6.63029e-006 
2.69432e-008 -1.34834e-006 3.81449e-006 
-4.90339e-007 1.81946e-007 1.47929e-006 
1.33145e-006 2.0386e-006 6.88704e-006 
-1.06102e-006 -4.6867e-007 3.28079e-006 
1.25735e-007 4.50796e-007 1.32372e-006 
-8.55233e-008 -6.14595e-008 2.9788e-007 
-4.42337e-006 -9.03542e-007 1.27701e-005 
-1.32269e-007 1.31235e-006 3.73073e-006 
-9.17648e-007 -4.79381e-007 2.92835e-006 
------iteration-86
2.77031e-007 -2.81795e-007 1.1177e-006 
-3.13961e-007 -7.20161e-008 9.1108e-007 
-9.08184e-007 6.47703e-007 3.15511e-006 
-2.83325e-007 4.41255e-006 1.25068e-005 
-8.00299e-007 -4.76863e-007 2.63498e-006 
-2.16902e-006 8.8894e-007 6.63029e-006 
2.69432e-008 -1.34834e-006 3.81449e-006 
-1.9848e-007 -2.55119e-007 9.14245e-007 
-2.15615e-007 2.36387e-007 9.04961e-007 
-1.06102e-006 -4.6867e-007 3.28079e-006 
1.25735e-007 4.50796e-007 1.32372e-006 
-8.55233e-008 -6.14595e-008 2.9788e-007 
-4.42337e-006 -9.03542e-007 1.27701e-005 
-1.32269e-007 1.31235e-006 3.73073e-006 
-9.17648e-007 -4.79381e-007 2.92835e-006 
------iteration-87
2.77031e-007 -2.81795e-007 1.1177e-006 
-3.13961e-007 -7.20161e-008 9.1108e-007 
-9.08184e-007 6.47703e-007 3.15511e-006 
-5.19744e-007 -2.172e-006 6.31693e-006 
-8.00299e-007 -4.76863e-007 2.63498e-006 
-1.60952e-006 5.73907e-007 4.83324e-006 
2.0322e-008 -7.47344e-007 2.1146e-006 
-1.9848e-007 -2.55119e-007 9.14245e-007 
-2.15615e-007 2.36387e-007 9.04961e-007 
-1.06102e-006 -4.6867e-007 3.28079e-006 
1.25735e-007 4.50796e-007 1.32372e-006 
-8.55233e-008 -6.14595e-008 2.9788e-007 
-4.42337e-006 -9.03542e-007 1.27701e-005 
-1.32269e-007 1.31235e-006 3.73073e-006 
-9.17648e-007 -4.79381e-007 2.92835e-006 
------iteration-88
2.77031e-007 -2.81795e-007 1.1177e-006 
-3.13961e-007 -7.20161e-008 9.1108e-007 
-9.08184e-007 6.47703e-007 3.15511e-006 
-5.19744e-007 -2.172e-006 6.31693e-006 
-8.00299e-007 -4.76863e-007 2.63498e-006 
-1.60952e-006 5.73907e-007 4.83324e-006 
2.0322e-008 -7.47344e-007 2.1146e-006 
-1.9848e-007 -2.55119e-007 9.14245e-007 
-2.15615e-007 2.36387e-007 9.04961e-007 
-1.06102e-006 -4.6867e-007 3.28079e-006 
1.25735e-007 4.50796e-007 1.32372e-006 
-8.55233e-008 -6.14595e-008 2.9788e-007 
-4.42337e-006 -9.03542e-007 1.27701e-005 
-3.59978e-008 4.39958e-007 1.24855e-006 
-9.17648e-007 -4.79381e-007 2.92835e-006 
------iteration-89
2.77031e-007 -2.81795e-007 1.1177e-006 
-3.13961e-007 -7.20161e-008 9.1108e-007 
-4.59114e-007 2.81513e-007 1.52326e-006 
-5.19744e-007 -2.172e-006 6.31693e-006 
-3.83721e-008 1.23358e-007 3.65401e-007 
-1.60952e-006 5.73907e-007 4.83324e-006 
2.0322e-008 -7.47344e-007 2.1146e-006 
-7.12277e-008 -1.85493e-007 5.62005e-007 
-2.15615e-007 2.36387e-007 9.04961e-007 
-1.06102e-006 -4.6867e-007 3.28079e-006 
1.25735e-007 4.50796e-007 1.32372e-006 
-8.55233e-008 -6.14595e-008 2.9788e-007 
-4.42337e-006 -9.03542e-007 1.27701e-005 
-3.59978e-008 4.39958e-007 1.24855e-006 
-9.17648e-007 -4.79381e-007 2.92835e-006 
------iteration-90
2.77031e-007 -2.81795e-007 1.1177e-006 
-3.13961e-007 -7.20161e-008 9.1108e-007 
3.77831e-007 -3.59394e-007 1.47492e-006 
-5.19744e-007 -2.172e-006 6.31693e-006 
-3.83721e-008 1.23358e-007 3.65401e-007 
-1.60952e-006 5.73907e-007 4.83324e-006 
2.0322e-008 -7.47344e-007 2.1146e-006 
-1.77699e-007 8.26605e-008 5.54328e-007 
-1.98061e-007 6.2435e-009 5.6048e-007 
-1.06102e-006 -4.6867e-007 3.28079e-006 
1.25735e-007 4.50796e-007 1.32372e-006 
-8.55233e-008 -6.14595e-008 2.9788e-007 
-4.42337e-006 -9.03542e-007 1.27701e-005 
-3.59978e-008 4.39958e-007 1.24855e-006 
-9.17648e-007 -4.79381e-007 2.92835e-006 
------iteration-91
2.77031e-007 -2.81795e-007 1.1177e-006 
-3.13961e-007 -7.20161e-008 9.1108e-007 
3.77831e-007 -3.59394e-007 1.47492e-006 
-5.19744e-007 -2.172e-006 6.31693e-006 
-3.83721e-008 1.23358e-007 3.65401e-007 
4.93292e-007 -2.92615e-007 1.62226e-006 
4.81456e-008 -6.0893e-007 1.7277e-006 
-1.77699e-007 8.26605e-008 5.54328e-007 
-1.98061e-007 6.2435e-009 5.6048e-007 
-1.06102e-006 -4.6867e-007 3.28079e-006 
1.25735e-007 4.50796e-007 1.32372e-006 
-8.55233e-008 -6.14595e-008 2.9788e-007 
-4.42337e-006 -9.03542e-007 1.27701e-005 
-3.59978e-008 4.39958e-007 1.24855e-006 
-9.17648e-007 -4.79381e-007 2.92835e-006 
------iteration-92
2.77031e-007 -2.81795e-007 1.1177e-006 
-3.13961e-007 -7.20161e-008 9.1108e-007 
3.77831e-007 -3.59394e-007 1.47492e-006 
-3.14472e-007 -1.50931e-006 4.36071e-006 
-3.83721e-008 1.23358e-007 3.65401e-007 
4.93292e-007 -2.92615e-007 1.62226e-006 
4.81456e-008 -6.0893e-007 1.7277e-006 
-1.77699e-007 8.26605e-008 5.54328e-007 
-1.98061e-007 6.2435e-009 5.6048e-007 
-5.26847e-007 4.47603e-007 1.95535e-006 
1.25735e-007 4.50796e-007 1.32372e-006 
-8.55233e-008 -6.14595e-008 2.9788e-007 
-4.42337e-006 -9.03542e-007 1.27701e-005 
-1.78408e-007 5.95118e-008 5.31949e-007 
-9.17648e-007 -4.79381e-007 2.92835e-006 
------iteration-93
2.77031e-007 -2.81795e-007 1.1177e-006 
-3.13961e-007 -7.20161e-008 9.1108e-007 
3.77831e-007 -3.59394e-007 1.47492e-006 
-3.14472e-007 -1.50931e-006 4.36071e-006 
-3.83721e-008 1.23358e-007 3.65401e-007 
4.93292e-007 -2.92615e-007 1.62226e-006 
4.81456e-008 -6.0893e-007 1.7277e-006 
-1.24215e-007 1.3414e-008 3.53377e-007 
-1.98061e-007 6.2435e-009 5.6048e-007 
-5.26847e-007 4.47603e-007 1.95535e-006 
1.25735e-007 4.50796e-007 1.32372e-006 
-8.55233e-008 -6.14595e-008 2.9788e-007 
-4.42337e-006 -9.03542e-007 1.27701e-005 
-1.78408e-007 5.95118e-008 5.31949e-007 
-9.17648e-007 -4.79381e-007 2.92835e-006 
------iteration-94
2.77031e-007 -2.81795e-007 1.1177e-006 
-3.13961e-007 -7.20161e-008 9.1108e-007 
1.41798e-007 -2.21951e-007 7.44952e-007 
-3.14472e-007 -1.50931e-006 4.36071e-006 
-3.83721e-008 1.23358e-007 3.65401e-007 
4.93292e-007 -2.92615e-007 1.62226e-006 
4.81456e-008 -6.0893e-007 1.7277e-006 
-8.32212e-008 -8.23615e-008 3.3117e-007 
-9.72415e-008 6.58609e-009 2.75671e-007 
-5.26847e-007 4.47603e-007 1.95535e-006 
1.25735e-007 4.50796e-007 1.32372e-006 
-8.04513e-008 -6.76237e-008 2.9726e-007 
-4.42337e-006 -9.03542e-007 1.27701e-005 
-1.78408e-007 5.95118e-008 5.31949e-007 
-9.17648e-007 -4.79381e-007 2.92835e-006 
------iteration-95
2.77031e-007 -2.81795e-007 1.1177e-006 
-3.13961e-007 -7.20161e-008 9.1108e-007 
1.41798e-007 -2.21951e-007 7.44952e-007 
-3.14472e-007 -1.50931e-006 4.36071e-006 
-3.83721e-008 1.23358e-007 3.65401e-007 
-5.18224e-008 -7.15096e-008 2.49787e-007 
4.81456e-008 -6.0893e-007 1.7277e-006 
-8.32212e-008 -8.23615e-008 3.3117e-007 
-9.72415e-008 6.58609e-009 2.75671e-007 
-5.26847e-007 4.47603e-007 1.95535e-006 
1.25735e-007 4.50796e-007 1.32372e-006 
-5.39232e-008 -7.75332e-008 2.6712e-007 
-4.42337e-006 -9.03542e-007 1.27701e-005 
-1.78408e-007 5.95118e-008 5.31949e-007 
-9.17648e-007 -4.79381e-007 2.92835e-006 
------iteration-96
2.77031e-007 -2.81795e-007 1.1177e-006 
-3.13961e-007 -7.20161e-008 9.1108e-007 
1.41798e-007 -2.21951e-007 7.44952e-007 
-3.14472e-007 -1.50931e-006 4.36071e-006 
-3.83721e-008 1.23358e-007 3.65401e-007 
-5.18224e-008 -7.15096e-008 2.49787e-007 
-4.4925e-008 -1.99136e-007 5.77398e-007 
-8.32212e-008 -8.23615e-008 3.3117e-007 
-9.72415e-008 6.58609e-009 2.75671e-007 
-2.46747e-007 8.51457e-008 7.38291e-007 
1.25735e-007 4.50796e-007 1.32372e-006 
-3.52437e-008 -8.41551e-008 2.58057e-007 
-4.42337e-006 -9.03542e-007 1.27701e-005 
-1.59003e-007 -5.95151e-009 4.50043e-007 
-5.78763e-007 2.46056e-007 1.7788e-006 
------iteration-97
1.88776e-007 -2.09823e-007 7.98309e-007 
-3.13961e-007 -7.20161e-008 9.1108e-007 
1.41798e-007 -2.21951e-007 7.44952e-007 
-3.14472e-007 -1.50931e-006 4.36071e-006 
-3.83721e-008 1.23358e-007 3.65401e-007 
-5.18224e-008 -7.15096e-008 2.49787e-007 
-4.4925e-008 -1.99136e-007 5.77398e-007 
-8.32212e-008 -8.23615e-008 3.3117e-007 
-7.33866e-008 -5.93443e-008 2.66943e-007 
-2.46747e-007 8.51457e-008 7.38291e-007 
1.25735e-007 4.50796e-007 1.32372e-006 
-2.52724e-008 -8.64226e-008 2.54677e-007 
-4.42337e-006 -9.03542e-007 1.27701e-005 
-1.59003e-007 -5.95151e-009 4.50043e-007 
2.68013e-008 -3.14179e-007 8.91864e-007 
------iteration-98
1.88776e-007 -2.09823e-007 7.98309e-007 
-2.11003e-007 1.16263e-007 6.81407e-007 
4.12058e-008 -1.43213e-007 4.21501e-007 
-3.14472e-007 -1.50931e-006 4.36071e-006 
-2.36011e-008 -4.06566e-008 1.32965e-007 
-5.18224e-008 -7.15096e-008 2.49787e-007 
-4.4925e-008 -1.99136e-007 5.77398e-007 
-5.81944e-008 -9.15469e-008 3.06822e-007 
-7.33866e-008 -5.93443e-008 2.66943e-007 
-2.46747e-007 8.51457e-008 7.38291e-007 
1.25735e-007 4.50796e-007 1.32372e-006 
-2.6701e-008 -8.32868e-008 2.47381e-007 
-4.42337e-006 -9.03542e-007 1.27701e-005 
-1.59003e-007 -5.95151e-009 4.50043e-007 
2.68013e-008 -3.14179e-007 8.91864e-007 
------iteration-99
1.88776e-007 -2.09823e-007 7.98309e-007 
-2.11003e-007 1.16263e-007 6.81407e-007 
4.12058e-008 -1.43213e-007 4.21501e-007 
-3.14472e-007 -1.50931e-006 4.36071e-006 
-2.36011e-008 -4.06566e-008 1.32965e-007 
-5.18224e-008 -7.15096e-008 2.49787e-007 
-1.00853e-007 4.87195e-008 3.16797e-007 
-5.92795e-008 -4.1642e-008 2.04902e-007 
-7.33866e-008 -5.93443e-008 2.66943e-007 
-2.46747e-007 8.51457e-008 7.38291e-007 
1.25735e-007 4.50796e-007 1.32372e-006 
-2.67942e-008 -6.86209e-008 2.08361e-007 
-4.42337e-006 -9.03542e-007 1.27701e-005 
-1.59003e-007 -5.95151e-009 4.50043e-007 
2.68013e-008 -3.14179e-007 8.91864e-007 

best answer:
-2.36011e-008 -4.06566e-008 
1.32965e-007
